<?xml version="1.0" encoding="UTF-8"?>
<TestRun id="0eccd9fd-943e-4da0-b579-746475230de1" name="ecrookshanks@NOKEL-PC-1 2013-03-05 22:47:39" runUser="NOKEL-PC-1\ecrookshanks" xmlns="http://microsoft.com/schemas/VisualStudio/TeamTest/2010">
  <TestSettings name="Default Test Settings" id="5f481b61-e050-43ed-8b86-582dc6f64bd2">
    <Deployment runDeploymentRoot="ecrookshanks_NOKEL-PC-1 2013-03-05 22_47_39">
      <DeploymentItem filename="C:\utils\Microsoft Unity Application Block 2.1\Bin\Microsoft.Practices.ServiceLocation.dll" />
      <DeploymentItem filename="C:\utils\Microsoft Unity Application Block 2.1\Bin\Microsoft.Practices.Unity.dll" />
      <DeploymentItem filename="C:\Users\ecrookshanks\Documents\Business Docs\Presentations\Code\DI-IOC\UnityMVC_DepResolver\bin\UnityMVC_DepResolver.dll" />
    </Deployment>
    <Execution>
      <TestTypeSpecific />
      <AgentRule name="Execution Agents">
      </AgentRule>
    </Execution>
  </TestSettings>
  <Times creation="2013-03-05T22:47:39.1392101-05:00" queuing="2013-03-05T22:47:39.7162431-05:00" start="2013-03-05T22:47:39.7312440-05:00" finish="2013-03-05T22:47:40.2802754-05:00" />
  <ResultSummary outcome="Completed">
    <Counters total="1" executed="1" passed="1" error="0" failed="0" timeout="0" aborted="0" inconclusive="0" passedButRunAborted="0" notRunnable="0" notExecuted="0" disconnected="0" warning="0" completed="0" inProgress="0" pending="0" />
  </ResultSummary>
  <TestDefinitions>
    <UnitTest name="About" storage="c:\users\ecrookshanks\documents\business docs\presentations\code\di-ioc\unitymvc_depresolver.tests\bin\debug\unitymvc_depresolver.tests.dll" id="6c01b50a-85e6-575d-4373-795df8ac2267">
      <Execution id="dca3f705-d818-499f-8951-e2db8aaf7418" />
      <TestMethod codeBase="C:/Users/ecrookshanks/Documents/Business Docs/Presentations/Code/DI-IOC/UnityMVC_DepResolver.Tests/bin/Debug/UnityMVC_DepResolver.Tests.DLL" adapterTypeName="Microsoft.VisualStudio.TestTools.TestTypes.Unit.UnitTestAdapter, Microsoft.VisualStudio.QualityTools.Tips.UnitTest.Adapter, Version=10.0.0.0, Culture=neutral, PublicKeyToken=b03f5f7f11d50a3a" className="UnityMVC_DepResolver.Tests.Controllers.HomeControllerTest, UnityMVC_DepResolver.Tests, Version=1.0.0.0, Culture=neutral, PublicKeyToken=null" name="About" />
    </UnitTest>
  </TestDefinitions>
  <TestLists>
    <TestList name="Results Not in a List" id="8c84fa94-04c1-424b-9868-57a2d4851a1d" />
    <TestList name="All Loaded Results" id="19431567-8539-422a-85d7-44ee4e166bda" />
  </TestLists>
  <TestEntries>
    <TestEntry testId="6c01b50a-85e6-575d-4373-795df8ac2267" executionId="dca3f705-d818-499f-8951-e2db8aaf7418" testListId="8c84fa94-04c1-424b-9868-57a2d4851a1d" />
  </TestEntries>
  <Results>
    <UnitTestResult executionId="dca3f705-d818-499f-8951-e2db8aaf7418" testId="6c01b50a-85e6-575d-4373-795df8ac2267" testName="About" computerName="NOKEL-PC-1" duration="00:00:00.0688737" startTime="2013-03-05T22:47:39.7932476-05:00" endTime="2013-03-05T22:47:40.2362729-05:00" testType="13cdc9d9-ddb5-4fa4-a97d-d965ccfc6d4b" outcome="Passed" testListId="8c84fa94-04c1-424b-9868-57a2d4851a1d" relativeResultsDirectory="dca3f705-d818-499f-8951-e2db8aaf7418">
    </UnitTestResult>
  </Results>
</TestRun>